******************************************************************************
             TMS320C2000 Linker PC v21.6.0                     
******************************************************************************
>> Linked Fri Mar 25 12:32:43 2022

OUTPUT FILE NAME:   <sci_ex4_echoback.out>
ENTRY POINT SYMBOL: "code_start"  address: 00000000


MEMORY CONFIGURATION

         name            origin    length      used     unused   attr    fill
----------------------  --------  ---------  --------  --------  ----  --------
PAGE 0:
  BEGIN                 00000000   00000002  00000002  00000000  RWIX
  RAMM0                 000000f6   0000030a  00000018  000002f2  RWIX
  RAMLS0                00008000   00000800  00000800  00000000  RWIX
  RAMLS1                00008800   00000800  0000043f  000003c1  RWIX
  RAMLS2                00009000   00000800  00000000  00000800  RWIX
  RAMLS3                00009800   00000800  00000000  00000800  RWIX
  RAMLS4                0000a000   00000800  00000000  00000800  RWIX
  FLASH_BANK0_SEC0      00080000   00001000  00000000  00001000  RWIX
  FLASH_BANK0_SEC1      00081000   00001000  00000000  00001000  RWIX
  FLASH_BANK0_SEC2      00082000   00001000  00000000  00001000  RWIX
  FLASH_BANK0_SEC3      00083000   00001000  00000000  00001000  RWIX
  FLASH_BANK0_SEC4      00084000   00001000  00000000  00001000  RWIX
  FLASH_BANK0_SEC5      00085000   00001000  00000000  00001000  RWIX
  FLASH_BANK0_SEC6      00086000   00001000  00000000  00001000  RWIX
  FLASH_BANK0_SEC7      00087000   00001000  00000000  00001000  RWIX
  FLASH_BANK0_SEC8      00088000   00001000  00000000  00001000  RWIX
  FLASH_BANK0_SEC9      00089000   00001000  00000000  00001000  RWIX
  FLASH_BANK0_SEC10     0008a000   00001000  00000000  00001000  RWIX
  FLASH_BANK0_SEC11     0008b000   00001000  00000000  00001000  RWIX
  FLASH_BANK0_SEC12     0008c000   00001000  00000000  00001000  RWIX
  FLASH_BANK0_SEC13     0008d000   00001000  00000000  00001000  RWIX
  FLASH_BANK0_SEC14     0008e000   00001000  00000000  00001000  RWIX
  FLASH_BANK0_SEC15     0008f000   00001000  00000000  00001000  RWIX
  FLASH_BANK1_SEC0      00090000   00001000  00000000  00001000  RWIX
  FLASH_BANK1_SEC1      00091000   00001000  00000000  00001000  RWIX
  FLASH_BANK1_SEC2      00092000   00001000  00000000  00001000  RWIX
  FLASH_BANK1_SEC3      00093000   00001000  00000000  00001000  RWIX
  FLASH_BANK1_SEC4      00094000   00001000  00000000  00001000  RWIX
  FLASH_BANK1_SEC5      00095000   00001000  00000000  00001000  RWIX
  FLASH_BANK1_SEC6      00096000   00001000  00000000  00001000  RWIX
  FLASH_BANK1_SEC7      00097000   00001000  00000000  00001000  RWIX
  FLASH_BANK1_SEC8      00098000   00001000  00000000  00001000  RWIX
  FLASH_BANK1_SEC9      00099000   00001000  00000000  00001000  RWIX
  FLASH_BANK1_SEC10     0009a000   00001000  00000000  00001000  RWIX
  FLASH_BANK1_SEC11     0009b000   00001000  00000000  00001000  RWIX
  FLASH_BANK1_SEC12     0009c000   00001000  00000000  00001000  RWIX
  FLASH_BANK1_SEC13     0009d000   00001000  00000000  00001000  RWIX
  FLASH_BANK1_SEC14     0009e000   00001000  00000000  00001000  RWIX
  FLASH_BANK1_SEC15     0009f000   00001000  00000000  00001000  RWIX
  RESET                 003fffc0   00000002  00000000  00000002  RWIX

PAGE 1:
  BOOT_RSVD             00000002   000000f1  00000000  000000f1  RWIX
  RAMM1                 00000400   000003f8  00000100  000002f8  RWIX
  RAMLS5                0000a800   00000800  000002a4  0000055c  RWIX
  RAMLS6                0000b000   00000800  00000000  00000800  RWIX
  RAMLS7                0000b800   00000800  00000000  00000800  RWIX
  RAMGS0                0000c000   00002000  00000000  00002000  RWIX
  RAMGS1                0000e000   00002000  00000000  00002000  RWIX
  RAMGS2                00010000   00002000  00000000  00002000  RWIX
  RAMGS3                00012000   00001ff8  00000000  00001ff8  RWIX


SECTION ALLOCATION MAP

 output                                  attributes/
section   page    origin      length       input sections
--------  ----  ----------  ----------   ----------------
codestart 
*          0    00000000    00000002     
                  00000000    00000002     f28004x_codestartbranch.obj (codestart)

.TI.ramfunc 
*          0    000000f6    00000004     
                  000000f6    00000004     driverlib_eabi.lib : sysctl.obj (.TI.ramfunc)

.cinit     0    000000fc    00000014     
                  000000fc    00000009     (.cinit..data.load) [load image, compression = lzss]
                  00000105    00000001     --HOLE-- [fill = 0]
                  00000106    00000004     (__TI_handler_table)
                  0000010a    00000002     --HOLE-- [fill = 0]
                  0000010c    00000004     (__TI_cinit_table)

.reset     0    003fffc0    00000000     DSECT

.stack     1    00000400    00000100     UNINITIALIZED
                  00000400    00000100     --HOLE--

.init_array 
*          0    000000f6    00000000     UNINITIALIZED

.const     1    0000a800    00000299     
                  0000a800    000000bc     sci_ex4_echoback.obj (.const:.string)
                  0000a8bc    0000009a     driverlib_eabi.lib : sysctl.obj (.const:.string)
                  0000a956    00000098                        : gpio.obj (.const:.string)
                  0000a9ee    00000097                        : sci.obj (.const:.string)
                  0000aa85    00000001     --HOLE-- [fill = 0]
                  0000aa86    00000013     device.obj (.const:.string)

.data      1    0000aa9a    0000000b     UNINITIALIZED
                  0000aa9a    00000006     rts2800_fpu32_eabi.lib : exit.c.obj (.data)
                  0000aaa0    00000002                            : _lock.c.obj (.data:_lock)
                  0000aaa2    00000002                            : _lock.c.obj (.data:_unlock)
                  0000aaa4    00000001     sci_ex4_echoback.obj (.data)

.text.1    0    00008000    00000800     
                  00008000    000001cc     sci_ex4_echoback.obj (.text)
                  000081cc    000001ad     device.obj (.text)
                  00008379    000000c7     driverlib_eabi.lib : sysctl.obj (.text:SysCtl_setClock)
                  00008440    000000c0                        : sysctl.obj (.text:SysCtl_isPLLValid)
                  00008500    0000007a                        : sysctl.obj (.text:DCC_setCounterSeeds)
                  0000857a    0000005e                        : sysctl.obj (.text:SysCtl_getClock)
                  000085d8    0000005b                        : sysctl.obj (.text:SysCtl_selectOscSource)
                  00008633    00000052                        : gpio.obj (.text:GPIO_setPadConfig)
                  00008685    00000046                        : sci.obj (.text:SCI_clearInterruptStatus)
                  000086cb    00000041                        : sci.obj (.text:SCI_writeCharArray)
                  0000870c    0000003e                        : sci.obj (.text:SCI_setConfig)
                  0000874a    0000003d                        : interrupt.obj (.text:Interrupt_initModule)
                  00008787    0000003b                        : gpio.obj (.text:GPIO_setAnalogMode)
                  000087c2    00000038                        : gpio.obj (.text:GPIO_setMasterCore)
                  000087fa    00000002                        : interrupt.obj (.text:Interrupt_illegalOperationHandler)
                  000087fc    00000002                        : interrupt.obj (.text:Interrupt_nmiHandler)
                  000087fe    00000002     rts2800_fpu32_eabi.lib : pre_init.c.obj (.text)

.text.2    0    00008800    0000043f     
                  00008800    00000038     driverlib_eabi.lib : gpio.obj (.text:GPIO_setQualificationMode)
                  00008838    00000037                        : gpio.obj (.text:GPIO_setPinConfig)
                  0000886f    00000031                        : gpio.obj (.text:GPIO_setDirectionMode)
                  000088a0    00000031     rts2800_fpu32_eabi.lib : copy_decompress_lzss.c.obj (.text:decompress:lzss)
                  000088d1    0000002b                            : autoinit.c.obj (.text:__TI_auto_init_nobinit_nopinit)
                  000088fc    00000029                            : exit.c.obj (.text)
                  00008925    00000026     driverlib_eabi.lib : sysctl.obj (.text:SysCtl_pollX1Counter)
                  0000894b    00000025                        : sysctl.obj (.text:DCC_enableSingleShotMode)
                  00008970    00000024                        : sysctl.obj (.text:SysCtl_selectXTAL)
                  00008994    00000022                        : sci.obj (.text:SCI_isFIFOEnabled)
                  000089b6    0000001f                        : sysctl.obj (.text:DCC_setCounter1ClkSource)
                  000089d5    0000001e                        : interrupt.obj (.text:Interrupt_initVectorTable)
                  000089f3    0000001d                        : sysctl.obj (.text:DCC_setCounter0ClkSource)
                  00008a10    0000001d     rts2800_fpu32_eabi.lib : memcpy.c.obj (.text)
                  00008a2d    0000001b     driverlib_eabi.lib : sci.obj (.text:SCI_isSpaceAvailableNonFIFO)
                  00008a48    0000001a                        : sysctl.obj (.text:SysCtl_getLowSpeedClock)
                  00008a62    0000001a                        : sysctl.obj (.text:SysCtl_selectXTALSingleEnded)
                  00008a7c    00000019                        : sci.obj (.text:SCI_disableModule)
                  00008a95    00000019                        : sci.obj (.text:SCI_performSoftwareReset)
                  00008aae    00000017                        : sysctl.obj (.text:DCC_disableDoneSignal)
                  00008ac5    00000017                        : sysctl.obj (.text:DCC_enableDoneSignal)
                  00008adc    00000017                        : sysctl.obj (.text:SysCtl_enablePeripheral)
                  00008af3    00000017     rts2800_fpu32_eabi.lib : boot28.asm.obj (.text)
                  00008b0a    00000016     driverlib_eabi.lib : sysctl.obj (.text:DCC_clearDoneFlag)
                  00008b20    00000016                        : sysctl.obj (.text:DCC_clearErrorFlag)
                  00008b36    00000016                        : sysctl.obj (.text:DCC_disableErrorSignal)
                  00008b4c    00000016                        : sysctl.obj (.text:DCC_enableErrorSignal)
                  00008b62    00000015                        : sci.obj (.text:SCI_getTxFIFOStatus)
                  00008b77    00000015                        : sci.obj (.text:SCI_isBaseValid)
                  00008b8c    00000014                        : sysctl.obj (.text:DCC_disableModule)
                  00008ba0    00000014                        : sysctl.obj (.text:DCC_enableModule)
                  00008bb4    00000014                        : gpio.obj (.text:GPIO_isPinValid)
                  00008bc8    00000014                        : sci.obj (.text:SCI_enableModule)
                  00008bdc    00000010                        : sysctl.obj (.text:DCC_isBaseValid)
                  00008bec    0000000e                        : interrupt.obj (.text:Interrupt_defaultHandler)
                  00008bfa    0000000d                        : interrupt.obj (.text:Interrupt_disableMaster)
                  00008c07    0000000c     rts2800_fpu32_eabi.lib : args_main.c.obj (.text)
                  00008c13    0000000b     driverlib_eabi.lib : sysctl.obj (.text:SysCtl_isMCDClockFailureDetected)
                  00008c1e    00000009     rts2800_fpu32_eabi.lib : _lock.c.obj (.text)
                  00008c27    00000008                            : copy_decompress_none.c.obj (.text:decompress:none)
                  00008c2f    00000008     f28004x_codestartbranch.obj (.text)
                  00008c37    00000007     driverlib_eabi.lib : sysctl.obj (.text:SysCtl_resetMCD)
                  00008c3e    00000001     rts2800_fpu32_eabi.lib : startup.c.obj (.text)

MODULE SUMMARY

       Module                        code   ro data   rw data
       ------                        ----   -------   -------
    .\
       sci_ex4_echoback.obj          460    188       1      
    +--+-----------------------------+------+---------+---------+
       Total:                        460    188       1      
                                                             
    .\device\
       device.obj                    429    19        0      
       f28004x_codestartbranch.obj   10     0         0      
    +--+-----------------------------+------+---------+---------+
       Total:                        439    19        0      
                                                             
    C:\ti\c2000\C2000Ware_4_00_00_00\driverlib\f28004x\driverlib\ccs\Debug\driverlib_eabi.lib
       sysctl.obj                    1156   154       0      
       gpio.obj                      377    152       0      
       sci.obj                       370    151       0      
       interrupt.obj                 122    0         0      
    +--+-----------------------------+------+---------+---------+
       Total:                        2025   457       0      
                                                             
    C:\ti\ccs1110\ccs\tools\compiler\ti-cgt-c2000_21.6.0.LTS\lib\rts2800_fpu32_eabi.lib
       copy_decompress_lzss.c.obj    49     0         0      
       exit.c.obj                    41     0         6      
       autoinit.c.obj                43     0         0      
       memcpy.c.obj                  29     0         0      
       boot28.asm.obj                23     0         0      
       _lock.c.obj                   9      0         4      
       args_main.c.obj               12     0         0      
       copy_decompress_none.c.obj    8      0         0      
       pre_init.c.obj                2      0         0      
       startup.c.obj                 1      0         0      
    +--+-----------------------------+------+---------+---------+
       Total:                        217    0         10     
                                                             
       Stack:                        0      0         256    
       Linker Generated:             0      17        0      
    +--+-----------------------------+------+---------+---------+
       Grand Total:                  3141   681       267    


LINKER GENERATED COPY TABLES

__TI_cinit_table @ 0000010c records: 1, size/record: 4, table size: 4
	.data: load addr=000000fc, load size=00000009 bytes, run addr=0000aa9a, run size=0000000b bytes, compression=lzss


LINKER GENERATED HANDLER TABLE

__TI_handler_table @ 00000106 records: 2, size/record: 2, table size: 4
	index: 0, handler: __TI_decompress_lzss
	index: 1, handler: __TI_decompress_none


GLOBAL DATA SYMBOLS: SORTED BY DATA PAGE

address     data page           name
--------    ----------------    ----
00000400      10 (00000400)     __stack

0000aa9a     2aa (0000aa80)     __TI_enable_exit_profile_output
0000aa9c     2aa (0000aa80)     __TI_cleanup_ptr
0000aa9e     2aa (0000aa80)     __TI_dtors_ptr
0000aaa0     2aa (0000aa80)     _lock
0000aaa2     2aa (0000aa80)     _unlock
0000aaa4     2aa (0000aa80)     loopCounter


GLOBAL SYMBOLS: SORTED ALPHABETICALLY BY Name 

page  address   name                           
----  -------   ----                           
0     000088fc  C$$EXIT                        
0     00008282  Device_enableAllPeripherals    
0     00008231  Device_init                    
0     00008362  Device_initGPIO                
0     00008787  GPIO_setAnalogMode             
0     0000886f  GPIO_setDirectionMode          
0     000087c2  GPIO_setMasterCore             
0     00008633  GPIO_setPadConfig              
0     00008838  GPIO_setPinConfig              
0     00008800  GPIO_setQualificationMode      
0     0000874a  Interrupt_initModule           
0     000089d5  Interrupt_initVectorTable      
0     00008685  SCI_clearInterruptStatus       
0     0000870c  SCI_setConfig                  
0     000086cb  SCI_writeCharArray             
0     000000f6  SysCtl_delay                   
0     0000857a  SysCtl_getClock                
0     00008a48  SysCtl_getLowSpeedClock        
0     00008440  SysCtl_isPLLValid              
0     000085d8  SysCtl_selectOscSource         
0     00008970  SysCtl_selectXTAL              
0     00008a62  SysCtl_selectXTALSingleEnded   
0     00008379  SysCtl_setClock                
0     0000010c  __TI_CINIT_Base                
0     00000110  __TI_CINIT_Limit               
0     00000110  __TI_CINIT_Warm                
0     00000106  __TI_Handler_Table_Base        
0     0000010a  __TI_Handler_Table_Limit       
1     00000500  __TI_STACK_END                 
abs   00000100  __TI_STACK_SIZE                
0     000088d1  __TI_auto_init_nobinit_nopinit 
1     0000aa9c  __TI_cleanup_ptr               
0     000088a0  __TI_decompress_lzss           
0     00008c27  __TI_decompress_none           
1     0000aa9e  __TI_dtors_ptr                 
1     0000aa9a  __TI_enable_exit_profile_output
abs   ffffffff  __TI_pprof_out_hndl            
abs   ffffffff  __TI_prof_data_size            
abs   ffffffff  __TI_prof_data_start           
n/a   UNDEFED   __c_args__                     
0     00008372  __error__                      
1     00000400  __stack                        
0     00008c07  _args_main                     
0     00008af3  _c_int00                       
1     0000aaa0  _lock                          
0     00008c26  _nop                           
0     00008c22  _register_lock                 
0     00008c1e  _register_unlock               
0     00008c3e  _system_post_cinit             
0     000087fe  _system_pre_init               
1     0000aaa2  _unlock                        
0     000088fc  abort                          
0     00000000  code_start                     
0     000088fe  exit                           
1     0000aaa4  loopCounter                    
0     0000811f  main                           
0     00008a10  memcpy                         


GLOBAL SYMBOLS: SORTED BY Symbol Address 

page  address   name                           
----  -------   ----                           
0     00000000  code_start                     
0     000000f6  SysCtl_delay                   
0     00000106  __TI_Handler_Table_Base        
0     0000010a  __TI_Handler_Table_Limit       
0     0000010c  __TI_CINIT_Base                
0     00000110  __TI_CINIT_Limit               
0     00000110  __TI_CINIT_Warm                
0     0000811f  main                           
0     00008231  Device_init                    
0     00008282  Device_enableAllPeripherals    
0     00008362  Device_initGPIO                
0     00008372  __error__                      
0     00008379  SysCtl_setClock                
0     00008440  SysCtl_isPLLValid              
0     0000857a  SysCtl_getClock                
0     000085d8  SysCtl_selectOscSource         
0     00008633  GPIO_setPadConfig              
0     00008685  SCI_clearInterruptStatus       
0     000086cb  SCI_writeCharArray             
0     0000870c  SCI_setConfig                  
0     0000874a  Interrupt_initModule           
0     00008787  GPIO_setAnalogMode             
0     000087c2  GPIO_setMasterCore             
0     000087fe  _system_pre_init               
0     00008800  GPIO_setQualificationMode      
0     00008838  GPIO_setPinConfig              
0     0000886f  GPIO_setDirectionMode          
0     000088a0  __TI_decompress_lzss           
0     000088d1  __TI_auto_init_nobinit_nopinit 
0     000088fc  C$$EXIT                        
0     000088fc  abort                          
0     000088fe  exit                           
0     00008970  SysCtl_selectXTAL              
0     000089d5  Interrupt_initVectorTable      
0     00008a10  memcpy                         
0     00008a48  SysCtl_getLowSpeedClock        
0     00008a62  SysCtl_selectXTALSingleEnded   
0     00008af3  _c_int00                       
0     00008c07  _args_main                     
0     00008c1e  _register_unlock               
0     00008c22  _register_lock                 
0     00008c26  _nop                           
0     00008c27  __TI_decompress_none           
0     00008c3e  _system_post_cinit             
1     00000400  __stack                        
1     00000500  __TI_STACK_END                 
1     0000aa9a  __TI_enable_exit_profile_output
1     0000aa9c  __TI_cleanup_ptr               
1     0000aa9e  __TI_dtors_ptr                 
1     0000aaa0  _lock                          
1     0000aaa2  _unlock                        
1     0000aaa4  loopCounter                    
abs   00000100  __TI_STACK_SIZE                
abs   ffffffff  __TI_pprof_out_hndl            
abs   ffffffff  __TI_prof_data_size            
abs   ffffffff  __TI_prof_data_start           
n/a   UNDEFED   __c_args__                     

[57 symbols]
